Component: Arm Compiler for Embedded 6.19 Tool: armlink [5e73cb00]

==============================================================================

Section Cross References

    startup_mkl25z4.o(STACK) refers (Special) to heapauxi.o(.text) for __use_two_region_memory
    startup_mkl25z4.o(HEAP) refers (Special) to heapauxi.o(.text) for __use_two_region_memory
    startup_mkl25z4.o(RESET) refers (Special) to heapauxi.o(.text) for __use_two_region_memory
    startup_mkl25z4.o(RESET) refers to startup_mkl25z4.o(STACK) for __initial_sp
    startup_mkl25z4.o(RESET) refers to startup_mkl25z4.o(.text) for Reset_Handler
    startup_mkl25z4.o(RESET) refers to systick.o(.text) for SysTick_Handler
    startup_mkl25z4.o(RESET) refers to uart.o(.text) for UART0_IRQHandler
    startup_mkl25z4.o(RESET) refers to tpm.o(.text) for TPM0_IRQHandler
    startup_mkl25z4.o(RESET) refers to triac.o(.text) for PORTD_IRQHandler
    startup_mkl25z4.o(.ARM.__at_0x400) refers (Special) to heapauxi.o(.text) for __use_two_region_memory
    startup_mkl25z4.o(.text) refers (Special) to heapauxi.o(.text) for __use_two_region_memory
    startup_mkl25z4.o(.text) refers to system_mkl25z4.o(.text) for SystemInit
    startup_mkl25z4.o(.text) refers to __main.o(!!!main) for __main
    startup_mkl25z4.o(.text) refers to startup_mkl25z4.o(HEAP) for Heap_Mem
    startup_mkl25z4.o(.text) refers to startup_mkl25z4.o(STACK) for Stack_Mem
    system_mkl25z4.o(.text) refers to aeabi_sdiv.o(.text) for __aeabi_uidiv
    system_mkl25z4.o(.text) refers to system_mkl25z4.o(.data.SystemCoreClock) for SystemCoreClock
    system_mkl25z4.o(.ARM.exidx) refers to system_mkl25z4.o(.text) for [Anonymous Symbol]
    main.o(.text) refers to inicializacion.o(.text) for init_NEMAPin
    main.o(.text) refers to tft.o(.text) for ILI9341_Init
    main.o(.text) refers to uart.o(.text) for UART_initOverflow
    main.o(.text) refers to systick.o(.text) for SysTick_Init
    main.o(.text) refers to tpm.o(.text) for TPM_InitOverflow
    main.o(.text) refers to bordado.o(.text) for envioTramas
    main.o(.text) refers to nema17.o(.text) for NEMA17_positionStart
    main.o(.text) refers to aeabi_sdiv.o(.text) for __aeabi_uidiv
    main.o(.text) refers to protocolo.o(.text) for protocolo_me
    main.o(.text) refers to triac.o(.text) for subir_Aguja
    main.o(.text) refers to main.o(.rodata.str1.1) for [Anonymous Symbol]
    main.o(.text) refers to teclado.o(.bss.teclado_sr) for teclado_sr
    main.o(.text) refers to bordado.o(.bss.start) for start
    main.o(.text) refers to uart.o(.bss.auxTX) for auxTX
    main.o(.text) refers to uart.o(.bss.wUart) for wUart
    main.o(.text) refers to uart.o(.bss.rLength) for rLength
    main.o(.text) refers to uart.o(.bss.wLength) for wLength
    main.o(.text) refers to uart.o(.bss.estadoRxTx) for estadoRxTx
    main.o(.text) refers to nema17.o(.bss.position) for position
    main.o(.text) refers to tft.o(.bss.bufferDisplay) for bufferDisplay
    main.o(.text) refers to main.o(.data.movePrescaler) for movePrescaler
    main.o(.text) refers to comandos.o(.bss.sizeimagen) for sizeimagen
    main.o(.text) refers to tft.o(.bss.save) for save
    main.o(.text) refers to bordado.o(.bss.auxCheck) for auxCheck
    main.o(.text) refers to protocolo.o(.bss.cant_comandos) for cant_comandos
    main.o(.text) refers to tpm.o(.bss.subirStop) for subirStop
    main.o(.ARM.exidx) refers to main.o(.text) for [Anonymous Symbol]
    gpio.o(.ARM.exidx) refers to gpio.o(.text) for [Anonymous Symbol]
    tpm.o(.text) refers to aeabi_sdiv.o(.text) for __aeabi_uidiv
    tpm.o(.text) refers to tpm.o(.rodata.tpm_prescaler) for [Anonymous Symbol]
    tpm.o(.text) refers to gpio.o(.text) for GPIO_Set
    tpm.o(.text) refers to tpm.o(.data.velocidadX) for velocidadX
    tpm.o(.text) refers to tpm.o(.data.velocidadY) for velocidadY
    tpm.o(.text) refers to tpm.o(.bss.tiempoEndMove) for tiempoEndMove
    tpm.o(.text) refers to triac.o(.text) for motor_Maquina
    tpm.o(.text) refers to triac.o(.bss.semiciclos) for semiciclos
    tpm.o(.text) refers to triac.o(.bss.habilitacion_Motor) for habilitacion_Motor
    tpm.o(.text) refers to teclado.o(.bss.teclado_sr) for teclado_sr
    tpm.o(.text) refers to tpm.o(.bss.subirStop) for subirStop
    tpm.o(.ARM.exidx) refers to tpm.o(.text) for [Anonymous Symbol]
    uart.o(.text) refers to aeabi_sdiv.o(.text) for __aeabi_uidiv
    uart.o(.text) refers to uart.o(.rodata..L__const.UART_init.uart_ptr) for [Anonymous Symbol]
    uart.o(.text) refers to uart.o(.rodata..L__const.UART_initOverflow.uart_ptr) for [Anonymous Symbol]
    uart.o(.text) refers to uart.o(.bss.wLength) for wLength
    uart.o(.text) refers to uart.o(.bss.wUart) for wUart
    uart.o(.text) refers to uart.o(.bss.rLength) for rLength
    uart.o(.text) refers to uart.o(.rodata..L__const.UART_RX_OverflowOFF.uart_ptr) for [Anonymous Symbol]
    uart.o(.text) refers to uart.o(.rodata..L__const.UART_RX_OverflowON.uart_ptr) for [Anonymous Symbol]
[...]
    __arm_cp.1_0                             0x000056a4   Number         4  bordado.o(.text)
    __arm_cp.1_1                             0x000056a8   Number         4  bordado.o(.text)
    __arm_cp.1_2                             0x000056ac   Number         4  bordado.o(.text)
    __arm_cp.1_3                             0x000056b0   Number         4  bordado.o(.text)
    __arm_cp.2_0                             0x00005924   Number         4  bordado.o(.text)
    __arm_cp.2_1                             0x00005928   Number         4  bordado.o(.text)
    __arm_cp.2_2                             0x0000592c   Number         4  bordado.o(.text)
    __arm_cp.2_3                             0x00005930   Number         4  bordado.o(.text)
    __arm_cp.2_4                             0x00005934   Number         4  bordado.o(.text)
    __arm_cp.3_0                             0x00005a50   Number         4  bordado.o(.text)
    __arm_cp.3_1                             0x00005a54   Number         4  bordado.o(.text)
    __arm_cp.3_2                             0x00005a58   Number         4  bordado.o(.text)
    __arm_cp.3_3                             0x00005a5c   Number         4  bordado.o(.text)
    __arm_cp.3_4                             0x00005a60   Number         4  bordado.o(.text)
    __arm_cp.3_5                             0x00005a64   Number         4  bordado.o(.text)
    __arm_cp.4_0                             0x00005c1c   Number         4  bordado.o(.text)
    __arm_cp.4_1                             0x00005c20   Number         4  bordado.o(.text)
    __arm_cp.4_2                             0x00005c24   Number         4  bordado.o(.text)
    __arm_cp.4_3                             0x00005c28   Number         4  bordado.o(.text)
    __arm_cp.4_4                             0x00005c2c   Number         4  bordado.o(.text)
    __arm_cp.4_5                             0x00005c30   Number         4  bordado.o(.text)
    __arm_cp.4_6                             0x00005c34   Number         4  bordado.o(.text)
    __arm_cp.5_0                             0x00005ddc   Number         4  bordado.o(.text)
    __arm_cp.5_1                             0x00005de0   Number         4  bordado.o(.text)
    __arm_cp.5_2                             0x00005de4   Number         4  bordado.o(.text)
    __arm_cp.5_3                             0x00005de8   Number         4  bordado.o(.text)
    __arm_cp.5_4                             0x00005dec   Number         4  bordado.o(.text)
    __arm_cp.5_5                             0x00005df0   Number         4  bordado.o(.text)
    __arm_cp.5_6                             0x00005df4   Number         4  bordado.o(.text)
    __arm_cp.5_7                             0x00005df8   Number         4  bordado.o(.text)
    __arm_cp.6_0                             0x000060b0   Number         4  bordado.o(.text)
    __arm_cp.6_1                             0x000060b4   Number         4  bordado.o(.text)
    __arm_cp.6_2                             0x000060b8   Number         4  bordado.o(.text)
    __arm_cp.6_3                             0x000060bc   Number         4  bordado.o(.text)
    __arm_cp.6_4                             0x000060c0   Number         4  bordado.o(.text)
    __arm_cp.6_5                             0x000060c4   Number         4  bordado.o(.text)
    __arm_cp.6_6                             0x000060c8   Number         4  bordado.o(.text)
    __arm_cp.6_7                             0x000060cc   Number         4  bordado.o(.text)
    __arm_cp.6_8                             0x000060d0   Number         4  bordado.o(.text)
    __arm_cp.6_9                             0x000060d4   Number         4  bordado.o(.text)
    __arm_cp.6_10                            0x000060d8   Number         4  bordado.o(.text)
    __arm_cp.6_11                            0x000060dc   Number         4  bordado.o(.text)
    __arm_cp.7_0                             0x000063f4   Number         4  bordado.o(.text)
    __arm_cp.7_1                             0x000063f8   Number         4  bordado.o(.text)
    __arm_cp.7_2                             0x000063fc   Number         4  bordado.o(.text)
    __arm_cp.7_3                             0x00006400   Number         4  bordado.o(.text)
    __arm_cp.7_4                             0x00006404   Number         4  bordado.o(.text)
    __arm_cp.7_5                             0x00006408   Number         4  bordado.o(.text)
    __arm_cp.7_6                             0x0000640c   Number         4  bordado.o(.text)
    __arm_cp.7_7                             0x00006410   Number         4  bordado.o(.text)
    __arm_cp.7_8                             0x00006414   Number         4  bordado.o(.text)
    __arm_cp.7_9                             0x00006418   Number         4  bordado.o(.text)
    __arm_cp.7_10                            0x0000641c   Number         4  bordado.o(.text)
    __arm_cp.7_11                            0x00006420   Number         4  bordado.o(.text)
    __arm_cp.7_12                            0x00006424   Number         4  bordado.o(.text)
    __arm_cp.7_13                            0x00006428   Number         4  bordado.o(.text)
    __arm_cp.7_14                            0x0000642c   Number         4  bordado.o(.text)
    __arm_cp.7_15                            0x00006430   Number         4  bordado.o(.text)
    __arm_cp.7_16                            0x00006434   Number         4  bordado.o(.text)
    __arm_cp.7_17                            0x00006438   Number         4  bordado.o(.text)
    .text                                    0x0000643c   Section        0  sprintf.o(.text)
    .text                                    0x00006468   Section        0  strlen.o(.text)
    .text                                    0x000064ac   Section        0  rt_memclr.o(.text)
    .text                                    0x000064ec   Section      364  aeabi_sdiv.o(.text)
    .text                                    0x00006658   Section        0  d2f.o(.text)
    .text                                    0x000066d4   Section        0  ddiv.o(.text)
    .text                                    0x00006b1c   Section        0  dfixi.o(.text)
    .text                                    0x00006b88   Section        0  dflti.o(.text)
    .text                                    0x00006be0   Section        0  fdiv.o(.text)
    .text                                    0x00006d40   Section        0  ffixi.o(.text)
    .text                                    0x00006d8c   Section        0  fflti.o(.text)
    .text                                    0x00006dea   Section        0  _printf_pad.o(.text)
    .text                                    0x00006e38   Section        0  _printf_truncate.o(.text)
    .text                                    0x00006e5c   Section        0  _printf_str.o(.text)
    .text                                    0x00006eb0   Section        0  _printf_dec.o(.text)
    .text                                    0x00006f1c   Section        0  _printf_charcount.o(.text)
    _printf_input_char                       0x00006f45   Thumb Code    10  _printf_char_common.o(.text)
    .text                                    0x00006f44   Section        0  _printf_char_common.o(.text)
    .text                                    0x00006f74   Section        0  _sputc.o(.text)
    .text                                    0x00006f80   Section        0  _printf_wctomb.o(.text)
    .text                                    0x0000703c   Section        0  _printf_longlong_dec.o(.text)
    _printf_longlong_oct_internal            0x000070ad   Thumb Code     0  _printf_oct_int_ll.o(.text)
    .text                                    0x000070ac   Section        0  _printf_oct_int_ll.o(.text)
    _printf_hex_common                       0x0000711d   Thumb Code     0  _printf_hex_int_ll_ptr.o(.text)
    .text                                    0x0000711c   Section        0  _printf_hex_int_ll_ptr.o(.text)
    .text                                    0x000071b4   Section        0  __printf_flags_ss_wp.o(.text)
    .text                                    0x0000733c   Section        0  lludiv10.o(.text)
    .text                                    0x000073b6   Section        0  _printf_intcommon.o(.text)
    _fp_digits                               0x00007469   Thumb Code   412  _printf_fp_dec.o(.text)
    .text                                    0x00007468   Section        0  _printf_fp_dec.o(.text)
    .text                                    0x0000787c   Section        0  _printf_fp_hex.o(.text)
    .text                                    0x00007b54   Section        0  _printf_char.o(.text)
    .text                                    0x00007b82   Section        0  _printf_wchar.o(.text)
    .text                                    0x00007bb0   Section        0  _c16rtomb.o(.text)
    .text                                    0x00007bf2   Section        0  rtudiv10.o(.text)
    .text                                    0x00007c1a   Section       62  sys_stackheap_outer.o(.text)
    .text                                    0x00007c58   Section       16  rt_ctype_table.o(.text)
    .text                                    0x00007c68   Section        8  rt_locale_intlibspace.o(.text)
    .text                                    0x00007c70   Section        0  _printf_fp_infnan.o(.text)
    .text                                    0x00007cf8   Section        0  bigflt0.o(.text)
    .text                                    0x00007dd0   Section        0  btod.o(.text)
    btod_internal_mul                        0x00007e11   Thumb Code   492  btod.o(.text)
    btod_internal_div                        0x00007ffd   Thumb Code   520  btod.o(.text)
    .text                                    0x00008350   Section        0  exit.o(.text)
    .text                                    0x00008360   Section        8  libspace.o(.text)
    .text                                    0x00008368   Section        0  strcmp.o(.text)
    .text                                    0x000083f0   Section        0  sys_exit.o(.text)
    i.__ARM_common_ll_muluu                  0x000083fc   Section        0  btod.o(i.__ARM_common_ll_muluu)
    i.__ARM_fpclassify                       0x0000842c   Section        0  fpclassify.o(i.__ARM_fpclassify)
    i._is_digit                              0x00008458   Section        0  __printf_wp.o(i._is_digit)
    locale$$code                             0x00008468   Section       44  lc_numeric_c.o(locale$$code)
    locale$$code                             0x00008494   Section       44  lc_ctype_c.o(locale$$code)
    x$fpl$fadd                               0x000084c0   Section      140  faddsub.o(x$fpl$fadd)
    _fadd1                                   0x000084cd   Thumb Code     0  faddsub.o(x$fpl$fadd)
    x$fpl$fmul                               0x0000854c   Section      176  fmul.o(x$fpl$fmul)
    x$fpl$fsub                               0x000085fc   Section      208  faddsub.o(x$fpl$fsub)
    _fsub1                                   0x00008609   Thumb Code     0  faddsub.o(x$fpl$fsub)
    x$fpl$printf1                            0x000086cc   Section       16  printf1.o(x$fpl$printf1)
    x$fpl$printf2                            0x000086dc   Section       16  printf2.o(x$fpl$printf2)
    ddiv_reciptbl                            0x000086ec   Data         128  ddiv.o(.constdata)
    .constdata                               0x000086ec   Section      128  ddiv.o(.constdata)
    fdiv_tab                                 0x0000876c   Data          64  fdiv.o(.constdata)
    .constdata                               0x0000876c   Section       64  fdiv.o(.constdata)
    initial_mbstate                          0x000087ac   Data           8  _printf_wctomb.o(.constdata)
    .constdata                               0x000087ac   Section        8  _printf_wctomb.o(.constdata)
    uc_hextab                                0x000087b4   Data          20  _printf_hex_int_ll_ptr.o(.constdata)
    .constdata                               0x000087b4   Section       40  _printf_hex_int_ll_ptr.o(.constdata)
    lc_hextab                                0x000087c8   Data          20  _printf_hex_int_ll_ptr.o(.constdata)
    maptable                                 0x000087dc   Data          17  __printf_flags_ss_wp.o(.constdata)
    .constdata                               0x000087dc   Section       17  __printf_flags_ss_wp.o(.constdata)
    lc_hextab                                0x000087ed   Data          19  _printf_fp_hex.o(.constdata)
    .constdata                               0x000087ed   Section       38  _printf_fp_hex.o(.constdata)
    uc_hextab                                0x00008800   Data          19  _printf_fp_hex.o(.constdata)
    tenpwrs_x                                0x00008814   Data          60  bigflt0.o(.constdata)
    .constdata                               0x00008814   Section      148  bigflt0.o(.constdata)
    tenpwrs_i                                0x00008850   Data          64  bigflt0.o(.constdata)
    [Anonymous Symbol]                       0x000088a8   Section        0  uart.o(.rodata..L__const.UART_RX_OverflowOFF.uart_ptr)
    [Anonymous Symbol]                       0x000088b4   Section        0  uart.o(.rodata..L__const.UART_RX_OverflowON.uart_ptr)
    [Anonymous Symbol]                       0x000088c0   Section        0  uart.o(.rodata..L__const.UART_init.uart_ptr)
    [Anonymous Symbol]                       0x000088cc   Section        0  uart.o(.rodata..L__const.UART_initOverflow.uart_ptr)
    [Anonymous Symbol]                       0x00009490   Section        0  main.o(.rodata.str1.1)
    [Anonymous Symbol]                       0x000094a7   Section        0  tft.o(.rodata.str1.1)
    [Anonymous Symbol]                       0x000094c4   Section        0  protocolo.o(.rodata.str1.1)
    [Anonymous Symbol]                       0x000094d0   Section        0  bordado.o(.rodata.str1.1)
    tpm_prescaler                            0x00009514   Data           8  tpm.o(.rodata.tpm_prescaler)
    [Anonymous Symbol]                       0x00009514   Section        0  tpm.o(.rodata.tpm_prescaler)
    locale$$data                             0x0000953c   Section       28  lc_numeric_c.o(locale$$data)
    __lcnum_c_name                           0x00009540   Data           2  lc_numeric_c.o(locale$$data)
    __lcnum_c_start                          0x00009548   Data           0  lc_numeric_c.o(locale$$data)
    __lcnum_c_point                          0x00009554   Data           0  lc_numeric_c.o(locale$$data)
    __lcnum_c_thousands                      0x00009556   Data           0  lc_numeric_c.o(locale$$data)
    __lcnum_c_grouping                       0x00009557   Data           0  lc_numeric_c.o(locale$$data)
    __lcnum_c_end                            0x00009558   Data           0  lc_numeric_c.o(locale$$data)
    locale$$data                             0x00009558   Section      272  lc_ctype_c.o(locale$$data)
    __lcctype_c_name                         0x0000955c   Data           2  lc_ctype_c.o(locale$$data)
    __lcctype_c_start                        0x00009564   Data           0  lc_ctype_c.o(locale$$data)
    __lcctype_c_end                          0x00009668   Data           0  lc_ctype_c.o(locale$$data)
    ILI9341_setAddrWindow.old_x1             0x1ffff000   Data           2  tft.o(.data.ILI9341_setAddrWindow.old_x1)
    [Anonymous Symbol]                       0x1ffff000   Section        0  tft.o(.data.ILI9341_setAddrWindow.old_x1)
    ILI9341_setAddrWindow.old_x2             0x1ffff002   Data           2  tft.o(.data.ILI9341_setAddrWindow.old_x2)
    [Anonymous Symbol]                       0x1ffff002   Section        0  tft.o(.data.ILI9341_setAddrWindow.old_x2)
    ILI9341_setAddrWindow.old_y1             0x1ffff004   Data           2  tft.o(.data.ILI9341_setAddrWindow.old_y1)
    [Anonymous Symbol]                       0x1ffff004   Section        0  tft.o(.data.ILI9341_setAddrWindow.old_y1)
    ILI9341_setAddrWindow.old_y2             0x1ffff006   Data           2  tft.o(.data.ILI9341_setAddrWindow.old_y2)
    [Anonymous Symbol]                       0x1ffff006   Section        0  tft.o(.data.ILI9341_setAddrWindow.old_y2)
    .bss                                     0x1ffff018   Section       96  libspace.o(.bss)
    drawVerticalProgressBar.positionBar      0x20001050   Data           1  tft.o(.bss.drawVerticalProgressBar.positionBar)
    [Anonymous Symbol]                       0x20001050   Section        0  tft.o(.bss.drawVerticalProgressBar.positionBar)
    needle.positionAnt                       0x2000106c   Data           6  bordado.o(.bss.needle.positionAnt)
    [Anonymous Symbol]                       0x2000106c   Section        0  bordado.o(.bss.needle.positionAnt)
    switchColorEmbroider.aux                 0x20001088   Data           1  comandos.o(.bss.switchColorEmbroider.aux)
    [Anonymous Symbol]                       0x20001088   Section        0  comandos.o(.bss.switchColorEmbroider.aux)
    Heap_Mem                                 0x20001630   Data           0  startup_mkl25z4.o(HEAP)
    Stack_Mem                                0x20001630   Data        4096  startup_mkl25z4.o(STACK)
    HEAP                                     0x20001630   Section        0  startup_mkl25z4.o(HEAP)
    STACK                                    0x20001630   Section     4096  startup_mkl25z4.o(STACK)
    __initial_sp                             0x20002630   Data           0  startup_mkl25z4.o(STACK)

    Global Symbols

    Symbol Name                              Value     Ov Type        Size  Object(Section)

    BuildAttributes$$THM_ISAv3M$S$PE$A:L22$X:L11$S22$IEEE1$IW$~IW$USESV6$~STKCKD$USESV7$~SHL$OTIME$ROPI$IEEEJ$EBA8$UX$STANDARDLIB$REQ8$PRES8$EABIv2 0x00000000   Number         0  anon$$obj.o ABSOLUTE
    __Vectors                                0x00000000   Data           4  startup_mkl25z4.o(RESET)
    _printf_flags                            0x00000000   Number         0  printf_stubs.o ABSOLUTE
    _printf_return_value                     0x00000000   Number         0  printf_stubs.o ABSOLUTE
    _printf_sizespec                         0x00000000   Number         0  printf_stubs.o ABSOLUTE
    _printf_widthprec                        0x00000000   Number         0  printf_stubs.o ABSOLUTE
    __ARM_exceptions_init                     - Undefined Weak Reference
    __alloca_initialize                       - Undefined Weak Reference
    __arm_preinit_                            - Undefined Weak Reference
    __arm_relocate_pie_                       - Undefined Weak Reference
    __cpp_initialize__aeabi_                  - Undefined Weak Reference
    __cxa_finalize                            - Undefined Weak Reference
    __sigvec_lookup                           - Undefined Weak Reference
    _atexit_init                              - Undefined Weak Reference
    _call_atexit_fns                          - Undefined Weak Reference
    _clock_init                               - Undefined Weak Reference
    _fp_trap_init                             - Undefined Weak Reference
    _fp_trap_shutdown                         - Undefined Weak Reference
    _get_lc_collate                           - Undefined Weak Reference
    _get_lc_monetary                          - Undefined Weak Reference
    _get_lc_time                              - Undefined Weak Reference
    _getenv_init                              - Undefined Weak Reference
    _handle_redirection                       - Undefined Weak Reference
    _init_alloc                               - Undefined Weak Reference
    _init_user_alloc                          - Undefined Weak Reference
    _initio                                   - Undefined Weak Reference
    _printf_mbtowc                            - Undefined Weak Reference
    _printf_wc                                - Undefined Weak Reference
    _rand_init                                - Undefined Weak Reference
    _signal_finish                            - Undefined Weak Reference
    _signal_init                              - Undefined Weak Reference
    _terminate_alloc                          - Undefined Weak Reference
    _terminate_user_alloc                     - Undefined Weak Reference
    _terminateio                              - Undefined Weak Reference
    __Vectors_End                            0x000000c0   Data           0  startup_mkl25z4.o(RESET)
    __Vectors_Size                           0x000000c0   Number         0  startup_mkl25z4.o ABSOLUTE
    __main                                   0x000000c1   Thumb Code     8  __main.o(!!!main)
    __scatterload                            0x000000c9   Thumb Code     0  __scatter.o(!!!scatter)
    __scatterload_rt2                        0x000000c9   Thumb Code    52  __scatter.o(!!!scatter)
    __scatterload_rt2_thumb_only             0x000000c9   Thumb Code     0  __scatter.o(!!!scatter)
    __scatterload_null                       0x000000d9   Thumb Code     0  __scatter.o(!!!scatter)
    __scatterload_copy                       0x00000105   Thumb Code    26  __scatter_copy.o(!!handler_copy)
    __scatterload_zeroinit                   0x00000121   Thumb Code    28  __scatter_zi.o(!!handler_zi)
    _printf_percent                          0x0000013d   Thumb Code     0  _printf_percent.o(.ARM.Collect$$_printf_percent$$00000000)
    _printf_n                                0x0000013f   Thumb Code     0  _printf_n.o(.ARM.Collect$$_printf_percent$$00000001)
    _printf_p                                0x00000149   Thumb Code     0  _printf_p.o(.ARM.Collect$$_printf_percent$$00000002)
    _printf_f                                0x00000153   Thumb Code     0  _printf_f.o(.ARM.Collect$$_printf_percent$$00000003)
    _printf_e                                0x0000015d   Thumb Code     0  _printf_e.o(.ARM.Collect$$_printf_percent$$00000004)
    _printf_g                                0x00000167   Thumb Code     0  _printf_g.o(.ARM.Collect$$_printf_percent$$00000005)
    _printf_a                                0x00000171   Thumb Code     0  _printf_a.o(.ARM.Collect$$_printf_percent$$00000006)
    _printf_ll                               0x0000017b   Thumb Code     0  _printf_ll.o(.ARM.Collect$$_printf_percent$$00000007)
    _printf_i                                0x00000185   Thumb Code     0  _printf_i.o(.ARM.Collect$$_printf_percent$$00000008)
    _printf_d                                0x0000018f   Thumb Code     0  _printf_d.o(.ARM.Collect$$_printf_percent$$00000009)
    _printf_u                                0x00000199   Thumb Code     0  _printf_u.o(.ARM.Collect$$_printf_percent$$0000000A)
    _printf_o                                0x000001a3   Thumb Code     0  _printf_o.o(.ARM.Collect$$_printf_percent$$0000000B)
    _printf_x                                0x000001ad   Thumb Code     0  _printf_x.o(.ARM.Collect$$_printf_percent$$0000000C)
    _printf_lli                              0x000001b7   Thumb Code     0  _printf_lli.o(.ARM.Collect$$_printf_percent$$0000000D)
    _printf_lld                              0x000001c1   Thumb Code     0  _printf_lld.o(.ARM.Collect$$_printf_percent$$0000000E)
    _printf_llu                              0x000001cb   Thumb Code     0  _printf_llu.o(.ARM.Collect$$_printf_percent$$0000000F)
    _printf_llo                              0x000001d5   Thumb Code     0  _printf_llo.o(.ARM.Collect$$_printf_percent$$00000010)
    _printf_llx                              0x000001df   Thumb Code     0  _printf_llx.o(.ARM.Collect$$_printf_percent$$00000011)
    _printf_l                                0x000001e9   Thumb Code     0  _printf_l.o(.ARM.Collect$$_printf_percent$$00000012)
    _printf_c                                0x000001f3   Thumb Code     0  _printf_c.o(.ARM.Collect$$_printf_percent$$00000013)
    _printf_s                                0x000001fd   Thumb Code     0  _printf_s.o(.ARM.Collect$$_printf_percent$$00000014)
    _printf_lc                               0x00000207   Thumb Code     0  _printf_lc.o(.ARM.Collect$$_printf_percent$$00000015)
    _printf_ls                               0x00000211   Thumb Code     0  _printf_ls.o(.ARM.Collect$$_printf_percent$$00000016)
    _printf_percent_end                      0x0000021b   Thumb Code     0  _printf_percent_end.o(.ARM.Collect$$_printf_percent$$00000017)
    __rt_lib_init                            0x0000021f   Thumb Code     0  libinit.o(.ARM.Collect$$libinit$$00000000)
    __rt_lib_init_fp_1                       0x00000221   Thumb Code     0  libinit2.o(.ARM.Collect$$libinit$$00000002)
    __rt_lib_init_heap_1                     0x00000221   Thumb Code     0  libinit2.o(.ARM.Collect$$libinit$$0000000C)
    __rt_lib_init_lc_common                  0x00000221   Thumb Code     0  libinit2.o(.ARM.Collect$$libinit$$00000011)
    __rt_lib_init_preinit_1                  0x00000221   Thumb Code     0  libinit2.o(.ARM.Collect$$libinit$$00000006)
    __rt_lib_init_rand_1                     0x00000221   Thumb Code     0  libinit2.o(.ARM.Collect$$libinit$$00000010)
    __rt_lib_init_relocate_pie_1             0x00000221   Thumb Code     0  libinit2.o(.ARM.Collect$$libinit$$00000004)
    __rt_lib_init_user_alloc_1               0x00000221   Thumb Code     0  libinit2.o(.ARM.Collect$$libinit$$0000000E)
    __rt_lib_init_lc_collate_1               0x00000227   Thumb Code     0  libinit2.o(.ARM.Collect$$libinit$$00000013)
    __rt_lib_init_lc_ctype_2                 0x00000227   Thumb Code     0  libinit2.o(.ARM.Collect$$libinit$$00000014)
    __rt_lib_init_lc_ctype_1                 0x00000233   Thumb Code     0  libinit2.o(.ARM.Collect$$libinit$$00000015)
    __rt_lib_init_lc_monetary_1              0x00000233   Thumb Code     0  libinit2.o(.ARM.Collect$$libinit$$00000017)
    __rt_lib_init_lc_numeric_2               0x00000233   Thumb Code     0  libinit2.o(.ARM.Collect$$libinit$$00000018)
    __rt_lib_init_alloca_1                   0x0000023d   Thumb Code     0  libinit2.o(.ARM.Collect$$libinit$$00000030)
    __rt_lib_init_argv_1                     0x0000023d   Thumb Code     0  libinit2.o(.ARM.Collect$$libinit$$0000002E)
    __rt_lib_init_atexit_1                   0x0000023d   Thumb Code     0  libinit2.o(.ARM.Collect$$libinit$$0000001D)
    __rt_lib_init_clock_1                    0x0000023d   Thumb Code     0  libinit2.o(.ARM.Collect$$libinit$$00000023)
    __rt_lib_init_cpp_1                      0x0000023d   Thumb Code     0  libinit2.o(.ARM.Collect$$libinit$$00000034)
    __rt_lib_init_exceptions_1               0x0000023d   Thumb Code     0  libinit2.o(.ARM.Collect$$libinit$$00000032)
    __rt_lib_init_fp_trap_1                  0x0000023d   Thumb Code     0  libinit2.o(.ARM.Collect$$libinit$$00000021)
    __rt_lib_init_getenv_1                   0x0000023d   Thumb Code     0  libinit2.o(.ARM.Collect$$libinit$$00000025)
    __rt_lib_init_lc_numeric_1               0x0000023d   Thumb Code     0  libinit2.o(.ARM.Collect$$libinit$$00000019)
    __rt_lib_init_lc_time_1                  0x0000023d   Thumb Code     0  libinit2.o(.ARM.Collect$$libinit$$0000001B)
    __rt_lib_init_return                     0x0000023d   Thumb Code     0  libinit2.o(.ARM.Collect$$libinit$$00000035)
    __rt_lib_init_signal_1                   0x0000023d   Thumb Code     0  libinit2.o(.ARM.Collect$$libinit$$0000001F)
    __rt_lib_init_stdio_1                    0x0000023d   Thumb Code     0  libinit2.o(.ARM.Collect$$libinit$$00000027)
    __rt_lib_shutdown                        0x0000023f   Thumb Code     0  libshutdown.o(.ARM.Collect$$libshutdown$$00000000)
    __rt_lib_shutdown_cpp_1                  0x00000241   Thumb Code     0  libshutdown2.o(.ARM.Collect$$libshutdown$$00000002)
    __rt_lib_shutdown_fp_trap_1              0x00000241   Thumb Code     0  libshutdown2.o(.ARM.Collect$$libshutdown$$00000007)
    __rt_lib_shutdown_heap_1                 0x00000241   Thumb Code     0  libshutdown2.o(.ARM.Collect$$libshutdown$$0000000F)
    __rt_lib_shutdown_return                 0x00000241   Thumb Code     0  libshutdown2.o(.ARM.Collect$$libshutdown$$00000010)
    __rt_lib_shutdown_signal_1               0x00000241   Thumb Code     0  libshutdown2.o(.ARM.Collect$$libshutdown$$0000000A)
    __rt_lib_shutdown_stdio_1                0x00000241   Thumb Code     0  libshutdown2.o(.ARM.Collect$$libshutdown$$00000004)
    __rt_lib_shutdown_user_alloc_1           0x00000241   Thumb Code     0  libshutdown2.o(.ARM.Collect$$libshutdown$$0000000C)
    __rt_entry                               0x00000243   Thumb Code     0  __rtentry.o(.ARM.Collect$$rtentry$$00000000)
    __rt_entry_presh_1                       0x00000243   Thumb Code     0  __rtentry2.o(.ARM.Collect$$rtentry$$00000002)
    __rt_entry_sh                            0x00000243   Thumb Code     0  __rtentry4.o(.ARM.Collect$$rtentry$$00000004)
    __rt_entry_li                            0x00000249   Thumb Code     0  __rtentry2.o(.ARM.Collect$$rtentry$$0000000A)
    __rt_entry_postsh_1                      0x00000249   Thumb Code     0  __rtentry2.o(.ARM.Collect$$rtentry$$00000009)
    __rt_entry_main                          0x0000024d   Thumb Code     0  __rtentry2.o(.ARM.Collect$$rtentry$$0000000D)
    __rt_entry_postli_1                      0x0000024d   Thumb Code     0  __rtentry2.o(.ARM.Collect$$rtentry$$0000000C)
    __rt_exit                                0x00000255   Thumb Code     0  rtexit.o(.ARM.Collect$$rtexit$$00000000)
    __rt_exit_ls                             0x00000257   Thumb Code     0  rtexit2.o(.ARM.Collect$$rtexit$$00000003)
    __rt_exit_prels_1                        0x00000257   Thumb Code     0  rtexit2.o(.ARM.Collect$$rtexit$$00000002)
    __rt_exit_exit                           0x0000025b   Thumb Code     0  rtexit2.o(.ARM.Collect$$rtexit$$00000004)
    Reset_Handler                            0x00000261   Thumb Code    12  startup_mkl25z4.o(.text)
    NMI_Handler                              0x0000026d   Thumb Code     2  startup_mkl25z4.o(.text)
    HardFault_Handler                        0x0000026f   Thumb Code     2  startup_mkl25z4.o(.text)
    SVC_Handler                              0x00000271   Thumb Code     2  startup_mkl25z4.o(.text)
    PendSV_Handler                           0x00000273   Thumb Code     2  startup_mkl25z4.o(.text)
    ADC0_IRQHandler                          0x00000277   Thumb Code     0  startup_mkl25z4.o(.text)
    CMP0_IRQHandler                          0x00000277   Thumb Code     0  startup_mkl25z4.o(.text)
    DAC0_IRQHandler                          0x00000277   Thumb Code     0  startup_mkl25z4.o(.text)
    DMA0_IRQHandler                          0x00000277   Thumb Code     0  startup_mkl25z4.o(.text)
    DMA1_IRQHandler                          0x00000277   Thumb Code     0  startup_mkl25z4.o(.text)
    DMA2_IRQHandler                          0x00000277   Thumb Code     0  startup_mkl25z4.o(.text)
    DMA3_IRQHandler                          0x00000277   Thumb Code     0  startup_mkl25z4.o(.text)
    DefaultISR                               0x00000277   Thumb Code     0  startup_mkl25z4.o(.text)
    FTFA_IRQHandler                          0x00000277   Thumb Code     0  startup_mkl25z4.o(.text)
    I2C0_IRQHandler                          0x00000277   Thumb Code     0  startup_mkl25z4.o(.text)
    I2C1_IRQHandler                          0x00000277   Thumb Code     0  startup_mkl25z4.o(.text)
    LLWU_IRQHandler                          0x00000277   Thumb Code     0  startup_mkl25z4.o(.text)
    LPTMR0_IRQHandler                        0x00000277   Thumb Code     0  startup_mkl25z4.o(.text)
    LVD_LVW_IRQHandler                       0x00000277   Thumb Code     0  startup_mkl25z4.o(.text)
    MCG_IRQHandler                           0x00000277   Thumb Code     0  startup_mkl25z4.o(.text)
    PIT_IRQHandler                           0x00000277   Thumb Code     0  startup_mkl25z4.o(.text)
    PORTA_IRQHandler                         0x00000277   Thumb Code     0  startup_mkl25z4.o(.text)
    RTC_IRQHandler                           0x00000277   Thumb Code     0  startup_mkl25z4.o(.text)
    RTC_Seconds_IRQHandler                   0x00000277   Thumb Code     0  startup_mkl25z4.o(.text)
    Reserved20_IRQHandler                    0x00000277   Thumb Code     0  startup_mkl25z4.o(.text)
    Reserved39_IRQHandler                    0x00000277   Thumb Code     0  startup_mkl25z4.o(.text)
    Reserved45_IRQHandler                    0x00000277   Thumb Code     0  startup_mkl25z4.o(.text)
    SPI0_IRQHandler                          0x00000277   Thumb Code     0  startup_mkl25z4.o(.text)
    SPI1_IRQHandler                          0x00000277   Thumb Code     0  startup_mkl25z4.o(.text)
    TSI0_IRQHandler                          0x00000277   Thumb Code     0  startup_mkl25z4.o(.text)
    UART1_IRQHandler                         0x00000277   Thumb Code     0  startup_mkl25z4.o(.text)
    UART2_IRQHandler                         0x00000277   Thumb Code     0  startup_mkl25z4.o(.text)
    USB0_IRQHandler                          0x00000277   Thumb Code     0  startup_mkl25z4.o(.text)
    __user_initial_stackheap                 0x0000027d   Thumb Code     0  startup_mkl25z4.o(.text)
    SysTick_Handler                          0x000002a1   Thumb Code   260  systick.o(.text)
    SysTick_Init                             0x000003cd   Thumb Code    28  systick.o(.text)
    __use_two_region_memory                  0x000003f5   Thumb Code     2  heapauxi.o(.text)
    __rt_heap_escrow$2region                 0x000003f7   Thumb Code     2  heapauxi.o(.text)
    __rt_heap_expand$2region                 0x000003f9   Thumb Code     2  heapauxi.o(.text)
    __I$use$semihosting                      0x000003fb   Thumb Code     0  use_no_semi.o(.text)
    __use_no_semihosting_swi                 0x000003fb   Thumb Code     2  use_no_semi.o(.text)
    __I$use$fp                               0x000003fc   Number         0  usenofp.o(x$fpl$usenofp)
    __semihosting_library_function           0x000003fd   Thumb Code     0  indicate_semi.o(.text)
    SystemInit                               0x00000411   Thumb Code   176  system_mkl25z4.o(.text)
    SystemCoreClockUpdate                    0x000004f1   Thumb Code   508  system_mkl25z4.o(.text)
    main                                     0x0000071d   Thumb Code  2016  main.o(.text)
    GPIO_Alt                                 0x00000f4d   Thumb Code    52  gpio.o(.text)
    GPIO_Init                                0x00000f81   Thumb Code    76  gpio.o(.text)
    GPIO_Mode                                0x00000fd9   Thumb Code    60  gpio.o(.text)
    GPIO_Set                                 0x00001015   Thumb Code    60  gpio.o(.text)
    GPIO_Read                                0x00001051   Thumb Code    54  gpio.o(.text)
    GPIO_EnablePullUpResistor                0x00001089   Thumb Code    68  gpio.o(.text)
    GPIO_DisablePullResistor                 0x000010d5   Thumb Code    56  gpio.o(.text)
    GPIO_InputPullUP                         0x00001115   Thumb Code    52  gpio.o(.text)
    TPM_InitOverflow                         0x00001149   Thumb Code   132  tpm.o(.text)
    TPM_InitPWM                              0x00001215   Thumb Code   196  tpm.o(.text)
    TPM_ChangeDuty                           0x000012f5   Thumb Code    84  tpm.o(.text)
    TPM0_IRQHandler                          0x00001355   Thumb Code   204  tpm.o(.text)
    TPM1_IRQHandler                          0x00001435   Thumb Code    84  tpm.o(.text)
    TPM2_IRQHandler                          0x000014b9   Thumb Code    12  tpm.o(.text)
    UART_init                                0x000014c9   Thumb Code   292  uart.o(.text)
    UART_initOverflow                        0x00001619   Thumb Code   328  uart.o(.text)
    UART0_IRQHandler                         0x000017b9   Thumb Code    40  uart.o(.text)
    UART_Transmit                            0x000017ed   Thumb Code    40  uart.o(.text)
    UART_TX_Ready                            0x00001819   Thumb Code   120  uart.o(.text)
    UART_Receive                             0x0000189d   Thumb Code    24  uart.o(.text)
    UART_RX_Ready                            0x000018b9   Thumb Code   120  uart.o(.text)
    UART_Diff_EscLec                         0x0000193d   Thumb Code    40  uart.o(.text)
    UART_RX_OverflowOFF                      0x0000196d   Thumb Code    72  uart.o(.text)
    UART_RX_OverflowON                       0x000019bd   Thumb Code    72  uart.o(.text)
    SPI_Init                                 0x00001a0d   Thumb Code   200  spi.o(.text)
    SPI_MasterWrite                          0x00001c55   Thumb Code    88  spi.o(.text)
    SPI_MasterRead                           0x00001d09   Thumb Code    84  spi.o(.text)
    SPI_MasterBlockWrite                     0x00001d65   Thumb Code   140  spi.o(.text)
    toDec                                    0x00001df1   Thumb Code    76  comandos.o(.text)
    lecturaDisplay                           0x00001e3d   Thumb Code   204  comandos.o(.text)
    switchColorDisplay                       0x00001f0d   Thumb Code    76  comandos.o(.text)
    sizeImage                                0x00001f5d   Thumb Code   108  comandos.o(.text)
    moveJump                                 0x00001fcd   Thumb Code   824  comandos.o(.text)
    moveStitch                               0x00002325   Thumb Code   968  comandos.o(.text)
    endEmbroider                             0x00002715   Thumb Code    16  comandos.o(.text)
    switchColorEmbroider                     0x0000272d   Thumb Code   596  comandos.o(.text)
    colorEmbroider                           0x000029cd   Thumb Code  1132  comandos.o(.text)
    commandMax                               0x00002e75   Thumb Code    76  comandos.o(.text)
    init_TFTPin                              0x00002ec5   Thumb Code    72  inicializacion.o(.text)
    init_CNY70Pin                            0x00002f11   Thumb Code    12  inicializacion.o(.text)
    init_TRIACPin                            0x00002f21   Thumb Code    68  inicializacion.o(.text)
    init_NEMAPin                             0x00002fa1   Thumb Code   136  inicializacion.o(.text)
    init_FINESPin                            0x0000302d   Thumb Code    28  inicializacion.o(.text)
    init_TecladoPin                          0x0000304d   Thumb Code   168  inicializacion.o(.text)
    writeCommand                             0x000030fd   Thumb Code    52  tft.o(.text)
    writeData                                0x00003135   Thumb Code    36  tft.o(.text)
    pause_ms                                 0x0000315d   Thumb Code    40  tft.o(.text)
    ILI9341_Init                             0x00003189   Thumb Code   644  tft.o(.text)
    ILI9341_setAddrWindow                    0x00003411   Thumb Code   184  tft.o(.text)
    ILI9341_drawPixel                        0x000034fd   Thumb Code   188  tft.o(.text)
    ILI9341_printPixel                       0x000035c1   Thumb Code   124  tft.o(.text)
    ILI9341_drawLetter                       0x0000363d   Thumb Code   436  tft.o(.text)
    ILI9341_drawString                       0x000037f5   Thumb Code   440  tft.o(.text)
    ILI9341_printLine                        0x000039ad   Thumb Code   384  tft.o(.text)
    ILI9341_warning                          0x00003b31   Thumb Code   112  tft.o(.text)
    drawFrame                                0x00003bb1   Thumb Code   584  tft.o(.text)
    drawVerticalProgressBar                  0x00003df9   Thumb Code   544  tft.o(.text)
    drawCircle                               0x00004029   Thumb Code   486  tft.o(.text)
    drawCheckbox                             0x00004211   Thumb Code   648  tft.o(.text)
    drawTriangle                             0x0000449d   Thumb Code   328  tft.o(.text)
    ILI9341_printBuffer                      0x000045e5   Thumb Code   104  tft.o(.text)
    CNY70_Read                               0x00004651   Thumb Code    44  cny70.o(.text)
    NEMA17_changeDIR                         0x0000467d   Thumb Code    68  nema17.o(.text)
    NEMA17_moveContinuous                    0x000046c5   Thumb Code   148  nema17.o(.text)
    NEMA17_toPosition                        0x00004761   Thumb Code   212  nema17.o(.text)
    NEMA17_positionStart                     0x0000483d   Thumb Code    92  nema17.o(.text)
    NEMA17_newPositionStart                  0x000048a1   Thumb Code    96  nema17.o(.text)
    NEMA17_movManual                         0x0000490d   Thumb Code   560  nema17.o(.text)
    buttonPushed                             0x00004b49   Thumb Code   796  teclado.o(.text)
    motor_Maquina                            0x00004e99   Thumb Code   140  triac.o(.text)
    control_Inercia                          0x00004f29   Thumb Code    36  triac.o(.text)
    cruce_Por_Ceros_Y_Velocidad              0x00004f4d   Thumb Code   252  triac.o(.text)
    subir_Aguja                              0x00005061   Thumb Code    72  triac.o(.text)
    PORTD_IRQHandler                         0x000050b9   Thumb Code    52  triac.o(.text)
    checksum_verif                           0x000050fd   Thumb Code    58  protocolo.o(.text)
    protocolo_me                             0x00005139   Thumb Code   200  protocolo.o(.text)
    funcion_comandos                         0x00005211   Thumb Code   300  protocolo.o(.text)
    envio_trama                              0x00005355   Thumb Code   168  protocolo.o(.text)
    startEmbroider                           0x00005405   Thumb Code   456  bordado.o(.text)
    envioTramas                              0x0000560d   Thumb Code   152  bordado.o(.text)
    needle                                   0x000056b5   Thumb Code   624  bordado.o(.text)
    screenMain                               0x00005939   Thumb Code   280  bordado.o(.text)
    changeColorWarning                       0x00005a69   Thumb Code   436  bordado.o(.text)
    endWarning                               0x00005c39   Thumb Code   420  bordado.o(.text)
    rangeWarning                             0x00005dfd   Thumb Code   692  bordado.o(.text)
    cancelWarning                            0x000060e1   Thumb Code   788  bordado.o(.text)
    sprintf                                  0x0000643d   Thumb Code    40  sprintf.o(.text)
    strlen                                   0x00006469   Thumb Code    62  strlen.o(.text)
    _memset_w                                0x000064ad   Thumb Code    26  rt_memclr.o(.text)
    _memset                                  0x000064c7   Thumb Code    30  rt_memclr.o(.text)
    __aeabi_memclr                           0x000064e5   Thumb Code     4  rt_memclr.o(.text)
    __rt_memclr                              0x000064e5   Thumb Code     0  rt_memclr.o(.text)
    __aeabi_memclr4                          0x000064e9   Thumb Code     0  rt_memclr.o(.text)
    __aeabi_memclr8                          0x000064e9   Thumb Code     0  rt_memclr.o(.text)
    __rt_memclr_w                            0x000064e9   Thumb Code     4  rt_memclr.o(.text)
    __aeabi_uidiv                            0x000064ed   Thumb Code     0  aeabi_sdiv.o(.text)
    __aeabi_uidivmod                         0x000064ed   Thumb Code    20  aeabi_sdiv.o(.text)
    __aeabi_idiv                             0x00006501   Thumb Code     0  aeabi_sdiv.o(.text)
    __aeabi_idivmod                          0x00006501   Thumb Code   338  aeabi_sdiv.o(.text)
    __aeabi_d2f                              0x00006659   Thumb Code     0  d2f.o(.text)
    _d2f                                     0x00006659   Thumb Code   120  d2f.o(.text)
    __aeabi_ddiv                             0x000066d5   Thumb Code     0  ddiv.o(.text)
    _ddiv                                    0x000066d5   Thumb Code  1072  ddiv.o(.text)
    _drdiv                                   0x00006b05   Thumb Code    20  ddiv.o(.text)
    __aeabi_d2iz                             0x00006b1d   Thumb Code     0  dfixi.o(.text)
    _dfix                                    0x00006b1d   Thumb Code    98  dfixi.o(.text)
    __aeabi_i2d_normalise                    0x00006b89   Thumb Code    66  dflti.o(.text)
    __aeabi_i2d                              0x00006bcb   Thumb Code    16  dflti.o(.text)
    _dflt                                    0x00006bcb   Thumb Code     0  dflti.o(.text)
    __aeabi_ui2d                             0x00006bdb   Thumb Code     6  dflti.o(.text)
    _dfltu                                   0x00006bdb   Thumb Code     0  dflti.o(.text)
    __aeabi_fdiv                             0x00006be1   Thumb Code     0  fdiv.o(.text)
    _fdiv                                    0x00006be1   Thumb Code   334  fdiv.o(.text)
    _frdiv                                   0x00006d2f   Thumb Code     8  fdiv.o(.text)
    __aeabi_f2iz                             0x00006d41   Thumb Code     0  ffixi.o(.text)
    _ffix                                    0x00006d41   Thumb Code    76  ffixi.o(.text)
    __aeabi_i2f_normalise                    0x00006d8d   Thumb Code    72  fflti.o(.text)
    __aeabi_i2f                              0x00006dd5   Thumb Code    16  fflti.o(.text)
    _fflt                                    0x00006dd5   Thumb Code     0  fflti.o(.text)
    __aeabi_ui2f                             0x00006de5   Thumb Code     6  fflti.o(.text)
    _ffltu                                   0x00006de5   Thumb Code     0  fflti.o(.text)
    _printf_pre_padding                      0x00006deb   Thumb Code    44  _printf_pad.o(.text)
    _printf_post_padding                     0x00006e17   Thumb Code    34  _printf_pad.o(.text)
    _printf_truncate_signed                  0x00006e39   Thumb Code    18  _printf_truncate.o(.text)
    _printf_truncate_unsigned                0x00006e4b   Thumb Code    18  _printf_truncate.o(.text)
    _printf_str                              0x00006e5d   Thumb Code    82  _printf_str.o(.text)
    _printf_int_dec                          0x00006eb1   Thumb Code    90  _printf_dec.o(.text)
    _printf_charcount                        0x00006f1d   Thumb Code    38  _printf_charcount.o(.text)
    _printf_char_common                      0x00006f4f   Thumb Code    32  _printf_char_common.o(.text)
    _sputc                                   0x00006f75   Thumb Code    10  _sputc.o(.text)
    _printf_wctomb                           0x00006f81   Thumb Code   182  _printf_wctomb.o(.text)
    _printf_longlong_dec                     0x0000703d   Thumb Code    94  _printf_longlong_dec.o(.text)
    _printf_longlong_oct                     0x000070ad   Thumb Code    68  _printf_oct_int_ll.o(.text)
    _printf_int_oct                          0x000070f1   Thumb Code    24  _printf_oct_int_ll.o(.text)
    _printf_ll_oct                           0x00007109   Thumb Code    10  _printf_oct_int_ll.o(.text)
    _printf_longlong_hex                     0x0000711d   Thumb Code    88  _printf_hex_int_ll_ptr.o(.text)
    _printf_int_hex                          0x00007175   Thumb Code    28  _printf_hex_int_ll_ptr.o(.text)
    _printf_ll_hex                           0x00007191   Thumb Code    10  _printf_hex_int_ll_ptr.o(.text)
    _printf_hex_ptr                          0x0000719b   Thumb Code    22  _printf_hex_int_ll_ptr.o(.text)
    __printf                                 0x000071b5   Thumb Code   386  __printf_flags_ss_wp.o(.text)
    _ll_udiv10                               0x0000733d   Thumb Code   122  lludiv10.o(.text)
    _printf_int_common                       0x000073b7   Thumb Code   176  _printf_intcommon.o(.text)
    _printf_fp_dec_real                      0x00007605   Thumb Code   620  _printf_fp_dec.o(.text)
    _printf_fp_hex_real                      0x0000787d   Thumb Code   718  _printf_fp_hex.o(.text)
    _printf_cs_common                        0x00007b55   Thumb Code    22  _printf_char.o(.text)
    _printf_char                             0x00007b6b   Thumb Code    16  _printf_char.o(.text)
    _printf_string                           0x00007b7b   Thumb Code     8  _printf_char.o(.text)
    _printf_lcs_common                       0x00007b83   Thumb Code    22  _printf_wchar.o(.text)
    _printf_wchar                            0x00007b99   Thumb Code    16  _printf_wchar.o(.text)
    _printf_wstring                          0x00007ba9   Thumb Code     8  _printf_wchar.o(.text)
    _c16rtomb                                0x00007bb1   Thumb Code    66  _c16rtomb.o(.text)
    _wcrtomb                                 0x00007bb1   Thumb Code     0  _c16rtomb.o(.text)
    __rt_udiv10                              0x00007bf3   Thumb Code    40  rtudiv10.o(.text)
    __user_setup_stackheap                   0x00007c1b   Thumb Code    62  sys_stackheap_outer.o(.text)
    __rt_ctype_table                         0x00007c59   Thumb Code    16  rt_ctype_table.o(.text)
    __rt_locale                              0x00007c69   Thumb Code     8  rt_locale_intlibspace.o(.text)
    _printf_fp_infnan                        0x00007c71   Thumb Code   120  _printf_fp_infnan.o(.text)
    _btod_etento                             0x00007cf9   Thumb Code   210  bigflt0.o(.text)
    _btod_d2e                                0x00007dd1   Thumb Code    64  btod.o(.text)
    _btod_emul                               0x00008205   Thumb Code    28  btod.o(.text)
    _btod_emuld                              0x00008221   Thumb Code   144  btod.o(.text)
    _btod_ediv                               0x000082b1   Thumb Code    26  btod.o(.text)
    _btod_edivd                              0x000082cb   Thumb Code   124  btod.o(.text)
    exit                                     0x00008351   Thumb Code    16  exit.o(.text)
    __user_libspace                          0x00008361   Thumb Code     8  libspace.o(.text)
    __user_perproc_libspace                  0x00008361   Thumb Code     0  libspace.o(.text)
    __user_perthread_libspace                0x00008361   Thumb Code     0  libspace.o(.text)
    strcmp                                   0x00008369   Thumb Code   132  strcmp.o(.text)
    _sys_exit                                0x000083f1   Thumb Code     8  sys_exit.o(.text)
    __ARM_common_ll_muluu                    0x000083fd   Thumb Code    48  btod.o(i.__ARM_common_ll_muluu)
    __ARM_fpclassify                         0x0000842d   Thumb Code    40  fpclassify.o(i.__ARM_fpclassify)
    _is_digit                                0x00008459   Thumb Code    14  __printf_wp.o(i._is_digit)
    _get_lc_numeric                          0x00008469   Thumb Code    44  lc_numeric_c.o(locale$$code)
    _get_lc_ctype                            0x00008495   Thumb Code    44  lc_ctype_c.o(locale$$code)
    __aeabi_fadd                             0x000084c1   Thumb Code     0  faddsub.o(x$fpl$fadd)
    _fadd                                    0x000084c1   Thumb Code   134  faddsub.o(x$fpl$fadd)
    __aeabi_fmul                             0x0000854d   Thumb Code     0  fmul.o(x$fpl$fmul)
    _fmul                                    0x0000854d   Thumb Code   172  fmul.o(x$fpl$fmul)
    __aeabi_fsub                             0x000085fd   Thumb Code     0  faddsub.o(x$fpl$fsub)
    _fsub                                    0x000085fd   Thumb Code   204  faddsub.o(x$fpl$fsub)
    _printf_fp_dec                           0x000086cd   Thumb Code    16  printf1.o(x$fpl$printf1)
    _printf_fp_hex                           0x000086dd   Thumb Code    16  printf2.o(x$fpl$printf2)
    letter                                   0x000088d8   Data        3000  tft.o(.rodata.letter)
    Region$$Table$$Base                      0x0000951c   Number         0  anon$$obj.o(Region$$Table)
    Region$$Table$$Limit                     0x0000953c   Number         0  anon$$obj.o(Region$$Table)
    __ctype                                  0x00009565   Data           0  lc_ctype_c.o(locale$$data)
    SystemCoreClock                          0x1ffff008   Data           4  system_mkl25z4.o(.data.SystemCoreClock)
    cmd                                      0x1ffff00c   Data           2  comandos.o(.data.cmd)
    motorBordadora                           0x1ffff00e   Data           1  comandos.o(.data.motorBordadora)
    movePrescaler                            0x1ffff00f   Data           1  main.o(.data.movePrescaler)
    velocidadX                               0x1ffff010   Data           4  tpm.o(.data.velocidadX)
    velocidadY                               0x1ffff014   Data           4  tpm.o(.data.velocidadY)
    __libspace_start                         0x1ffff018   Data          96  libspace.o(.bss)
    ME_Triac                                 0x1ffff078   Data           1  triac.o(.bss.ME_Triac)
    __temporary_stack_top$libspace           0x1ffff078   Data           0  libspace.o(.bss)
    auxCheck                                 0x1ffff079   Data           1  bordado.o(.bss.auxCheck)
    auxColores                               0x1ffff07a   Data           1  comandos.o(.bss.auxColores)
    auxRX                                    0x1ffff07c   Data           2  uart.o(.bss.auxRX)
    auxTX                                    0x1ffff07e   Data           1  uart.o(.bss.auxTX)
    bufferDisplay                            0x1ffff080   Data        8000  tft.o(.bss.bufferDisplay)
    cant_JS                                  0x20000fc0   Data           4  protocolo.o(.bss.cant_JS)
    cant_comandos                            0x20000fc4   Data           1  protocolo.o(.bss.cant_comandos)
    coloresImagen                            0x20000fc8   Data          80  comandos.o(.bss.coloresImagen)
    comando_rx                               0x20001018   Data           1  protocolo.o(.bss.comando_rx)
    comandosMax                              0x2000101a   Data           2  comandos.o(.bss.comandosMax)
    datos_rx                                 0x2000101c   Data          45  protocolo.o(.bss.datos_rx)
    display                                  0x2000104a   Data           6  tft.o(.bss.display)
    estadoAntTeclado                         0x20001051   Data           1  teclado.o(.bss.estadoAntTeclado)
    estadoRxTx                               0x20001052   Data           1  uart.o(.bss.estadoRxTx)
    estadoTeclado                            0x20001053   Data           1  teclado.o(.bss.estadoTeclado)
    estado_rx                                0x20001054   Data           4  protocolo.o(.bss.estado_rx)
    flag_t_CNY70                             0x20001058   Data           4  systick.o(.bss.flag_t_CNY70)
    flanco_Triac                             0x2000105c   Data           4  triac.o(.bss.flanco_Triac)
    habilitacion_Motor                       0x20001060   Data           1  triac.o(.bss.habilitacion_Motor)
    habilitacion_Triac                       0x20001064   Data           4  systick.o(.bss.habilitacion_Triac)
    indice_rx                                0x20001068   Data           4  protocolo.o(.bss.indice_rx)
    position                                 0x20001072   Data           8  nema17.o(.bss.position)
    rLength                                  0x2000107a   Data           2  uart.o(.bss.rLength)
    save                                     0x2000107c   Data           1  tft.o(.bss.save)
    semiciclos                               0x2000107d   Data           1  triac.o(.bss.semiciclos)
    sizeimagen                               0x2000107e   Data           8  comandos.o(.bss.sizeimagen)
    start                                    0x20001086   Data           1  bordado.o(.bss.start)
    subirStop                                0x20001087   Data           1  tpm.o(.bss.subirStop)
    t_CNY70                                  0x2000108c   Data           4  systick.o(.bss.t_CNY70)
    teclado                                  0x20001090   Data           2  teclado.o(.bss.teclado)
    teclado_ant                              0x20001092   Data           2  teclado.o(.bss.teclado_ant)
    teclado_sr                               0x20001094   Data           2  teclado.o(.bss.teclado_sr)
    tiempoColumna                            0x20001096   Data           1  systick.o(.bss.tiempoColumna)
    tiempoEndMove                            0x20001098   Data           4  tpm.o(.bss.tiempoEndMove)
    tiempo_Ant                               0x2000109c   Data           4  systick.o(.bss.tiempo_Ant)
    tiempo_Triac                             0x200010a0   Data           4  systick.o(.bss.tiempo_Triac)
    tiempo_inercia_motor                     0x200010a4   Data           4  systick.o(.bss.tiempo_inercia_motor)
    tiempo_teclado                           0x200010a8   Data           1  systick.o(.bss.tiempo_teclado)
    velocidad_Aguja                          0x200010ac   Data           4  triac.o(.bss.velocidad_Aguja)
    wLength                                  0x200010b0   Data           2  uart.o(.bss.wLength)
    wUart                                    0x200010b2   Data        1400  uart.o(.bss.wUart)
    warningColor                             0x2000162c   Data           4  systick.o(.bss.warningColor)



==============================================================================

Memory Map of the image

  Image Entry point : 0x000000c1

  Load Region LR_IROM1 (Base: 0x00000000, Size: 0x00009680, Max: 0x00020000, ABSOLUTE)

    Execution Region ER_IROM1 (Exec base: 0x00000000, Load base: 0x00000000, Size: 0x00009668, Max: 0x00020000, ABSOLUTE)

    Exec Addr    Load Addr    Size         Type   Attr      Idx    E Section Name        Object

    0x00000000   0x00000000   0x000000c0   Data   RO            3    RESET               startup_mkl25z4.o
    0x000000c0   0x000000c0   0x00000008   Code   RO          231  * !!!main             c_p.l(__main.o)
    0x000000c8   0x000000c8   0x0000003c   Code   RO          588    !!!scatter          c_p.l(__scatter.o)
    0x00000104   0x00000104   0x0000001a   Code   RO          590    !!handler_copy      c_p.l(__scatter_copy.o)
    0x0000011e   0x0000011e   0x00000002   PAD
    0x00000120   0x00000120   0x0000001c   Code   RO          592    !!handler_zi        c_p.l(__scatter_zi.o)
    0x0000013c   0x0000013c   0x00000002   Code   RO          343    .ARM.Collect$$_printf_percent$$00000000  c_p.l(_printf_percent.o)
    0x0000013e   0x0000013e   0x0000000a   Code   RO          332    .ARM.Collect$$_printf_percent$$00000001  c_p.l(_printf_n.o)
    0x00000148   0x00000148   0x0000000a   Code   RO          334    .ARM.Collect$$_printf_percent$$00000002  c_p.l(_printf_p.o)
    0x00000152   0x00000152   0x0000000a   Code   RO          339    .ARM.Collect$$_printf_percent$$00000003  c_p.l(_printf_f.o)
    0x0000015c   0x0000015c   0x0000000a   Code   RO          340    .ARM.Collect$$_printf_percent$$00000004  c_p.l(_printf_e.o)
    0x00000166   0x00000166   0x0000000a   Code   RO          341    .ARM.Collect$$_printf_percent$$00000005  c_p.l(_printf_g.o)
    0x00000170   0x00000170   0x0000000a   Code   RO          342    .ARM.Collect$$_printf_percent$$00000006  c_p.l(_printf_a.o)
    0x0000017a   0x0000017a   0x0000000a   Code   RO          347    .ARM.Collect$$_printf_percent$$00000007  c_p.l(_printf_ll.o)
    0x00000184   0x00000184   0x0000000a   Code   RO          336    .ARM.Collect$$_printf_percent$$00000008  c_p.l(_printf_i.o)
    0x0000018e   0x0000018e   0x0000000a   Code   RO          337    .ARM.Collect$$_printf_percent$$00000009  c_p.l(_printf_d.o)
    0x00000198   0x00000198   0x0000000a   Code   RO          338    .ARM.Collect$$_printf_percent$$0000000A  c_p.l(_printf_u.o)
    0x000001a2   0x000001a2   0x0000000a   Code   RO          335    .ARM.Collect$$_printf_percent$$0000000B  c_p.l(_printf_o.o)
    0x000001ac   0x000001ac   0x0000000a   Code   RO          333    .ARM.Collect$$_printf_percent$$0000000C  c_p.l(_printf_x.o)
    0x000001b6   0x000001b6   0x0000000a   Code   RO          344    .ARM.Collect$$_printf_percent$$0000000D  c_p.l(_printf_lli.o)
    0x000001c0   0x000001c0   0x0000000a   Code   RO          345    .ARM.Collect$$_printf_percent$$0000000E  c_p.l(_printf_lld.o)
    0x000001ca   0x000001ca   0x0000000a   Code   RO          346    .ARM.Collect$$_printf_percent$$0000000F  c_p.l(_printf_llu.o)
    0x000001d4   0x000001d4   0x0000000a   Code   RO          351    .ARM.Collect$$_printf_percent$$00000010  c_p.l(_printf_llo.o)
    0x000001de   0x000001de   0x0000000a   Code   RO          352    .ARM.Collect$$_printf_percent$$00000011  c_p.l(_printf_llx.o)
    0x000001e8   0x000001e8   0x0000000a   Code   RO          348    .ARM.Collect$$_printf_percent$$00000012  c_p.l(_printf_l.o)
    0x000001f2   0x000001f2   0x0000000a   Code   RO          330    .ARM.Collect$$_printf_percent$$00000013  c_p.l(_printf_c.o)
    0x000001fc   0x000001fc   0x0000000a   Code   RO          331    .ARM.Collect$$_printf_percent$$00000014  c_p.l(_printf_s.o)
    0x00000206   0x00000206   0x0000000a   Code   RO          349    .ARM.Collect$$_printf_percent$$00000015  c_p.l(_printf_lc.o)
    0x00000210   0x00000210   0x0000000a   Code   RO          350    .ARM.Collect$$_printf_percent$$00000016  c_p.l(_printf_ls.o)
    0x0000021a   0x0000021a   0x00000004   Code   RO          396    .ARM.Collect$$_printf_percent$$00000017  c_p.l(_printf_percent_end.o)
    0x0000021e   0x0000021e   0x00000002   Code   RO          436    .ARM.Collect$$libinit$$00000000  c_p.l(libinit.o)
    0x00000220   0x00000220   0x00000000   Code   RO          461    .ARM.Collect$$libinit$$00000002  c_p.l(libinit2.o)
    0x00000220   0x00000220   0x00000000   Code   RO          463    .ARM.Collect$$libinit$$00000004  c_p.l(libinit2.o)
    0x00000220   0x00000220   0x00000000   Code   RO          465    .ARM.Collect$$libinit$$00000006  c_p.l(libinit2.o)
    0x00000220   0x00000220   0x00000000   Code   RO          468    .ARM.Collect$$libinit$$0000000C  c_p.l(libinit2.o)
    0x00000220   0x00000220   0x00000000   Code   RO          470    .ARM.Collect$$libinit$$0000000E  c_p.l(libinit2.o)
    0x00000220   0x00000220   0x00000000   Code   RO          472    .ARM.Collect$$libinit$$00000010  c_p.l(libinit2.o)
    0x00000220   0x00000220   0x00000006   Code   RO          473    .ARM.Collect$$libinit$$00000011  c_p.l(libinit2.o)
    0x00000226   0x00000226   0x00000000   Code   RO          475    .ARM.Collect$$libinit$$00000013  c_p.l(libinit2.o)
    0x00000226   0x00000226   0x0000000c   Code   RO          476    .ARM.Collect$$libinit$$00000014  c_p.l(libinit2.o)
    0x00000232   0x00000232   0x00000000   Code   RO          477    .ARM.Collect$$libinit$$00000015  c_p.l(libinit2.o)
    0x00000232   0x00000232   0x00000000   Code   RO          479    .ARM.Collect$$libinit$$00000017  c_p.l(libinit2.o)
    0x00000232   0x00000232   0x0000000a   Code   RO          480    .ARM.Collect$$libinit$$00000018  c_p.l(libinit2.o)
    0x0000023c   0x0000023c   0x00000000   Code   RO          481    .ARM.Collect$$libinit$$00000019  c_p.l(libinit2.o)
    0x0000023c   0x0000023c   0x00000000   Code   RO          483    .ARM.Collect$$libinit$$0000001B  c_p.l(libinit2.o)
    0x0000023c   0x0000023c   0x00000000   Code   RO          485    .ARM.Collect$$libinit$$0000001D  c_p.l(libinit2.o)
    0x0000023c   0x0000023c   0x00000000   Code   RO          487    .ARM.Collect$$libinit$$0000001F  c_p.l(libinit2.o)
    0x0000023c   0x0000023c   0x00000000   Code   RO          489    .ARM.Collect$$libinit$$00000021  c_p.l(libinit2.o)
    0x0000023c   0x0000023c   0x00000000   Code   RO          491    .ARM.Collect$$libinit$$00000023  c_p.l(libinit2.o)
    0x0000023c   0x0000023c   0x00000000   Code   RO          493    .ARM.Collect$$libinit$$00000025  c_p.l(libinit2.o)
    0x0000023c   0x0000023c   0x00000000   Code   RO          495    .ARM.Collect$$libinit$$00000027  c_p.l(libinit2.o)
    0x0000023c   0x0000023c   0x00000000   Code   RO          499    .ARM.Collect$$libinit$$0000002E  c_p.l(libinit2.o)
    0x0000023c   0x0000023c   0x00000000   Code   RO          501    .ARM.Collect$$libinit$$00000030  c_p.l(libinit2.o)
    0x0000023c   0x0000023c   0x00000000   Code   RO          503    .ARM.Collect$$libinit$$00000032  c_p.l(libinit2.o)
    0x0000023c   0x0000023c   0x00000000   Code   RO          505    .ARM.Collect$$libinit$$00000034  c_p.l(libinit2.o)
    0x0000023c   0x0000023c   0x00000002   Code   RO          506    .ARM.Collect$$libinit$$00000035  c_p.l(libinit2.o)
    0x0000023e   0x0000023e   0x00000002   Code   RO          543    .ARM.Collect$$libshutdown$$00000000  c_p.l(libshutdown.o)
    0x00000240   0x00000240   0x00000000   Code   RO          571    .ARM.Collect$$libshutdown$$00000002  c_p.l(libshutdown2.o)
    0x00000240   0x00000240   0x00000000   Code   RO          573    .ARM.Collect$$libshutdown$$00000004  c_p.l(libshutdown2.o)
    0x00000240   0x00000240   0x00000000   Code   RO          576    .ARM.Collect$$libshutdown$$00000007  c_p.l(libshutdown2.o)
    0x00000240   0x00000240   0x00000000   Code   RO          579    .ARM.Collect$$libshutdown$$0000000A  c_p.l(libshutdown2.o)
    0x00000240   0x00000240   0x00000000   Code   RO          581    .ARM.Collect$$libshutdown$$0000000C  c_p.l(libshutdown2.o)
    0x00000240   0x00000240   0x00000000   Code   RO          584    .ARM.Collect$$libshutdown$$0000000F  c_p.l(libshutdown2.o)
    0x00000240   0x00000240   0x00000002   Code   RO          585    .ARM.Collect$$libshutdown$$00000010  c_p.l(libshutdown2.o)
    0x00000242   0x00000242   0x00000000   Code   RO          257    .ARM.Collect$$rtentry$$00000000  c_p.l(__rtentry.o)
    0x00000242   0x00000242   0x00000000   Code   RO          363    .ARM.Collect$$rtentry$$00000002  c_p.l(__rtentry2.o)
    0x00000242   0x00000242   0x00000006   Code   RO          375    .ARM.Collect$$rtentry$$00000004  c_p.l(__rtentry4.o)
    0x00000248   0x00000248   0x00000000   Code   RO          365    .ARM.Collect$$rtentry$$00000009  c_p.l(__rtentry2.o)
    0x00000248   0x00000248   0x00000004   Code   RO          366    .ARM.Collect$$rtentry$$0000000A  c_p.l(__rtentry2.o)
    0x0000024c   0x0000024c   0x00000000   Code   RO          368    .ARM.Collect$$rtentry$$0000000C  c_p.l(__rtentry2.o)
    0x0000024c   0x0000024c   0x00000008   Code   RO          369    .ARM.Collect$$rtentry$$0000000D  c_p.l(__rtentry2.o)
    0x00000254   0x00000254   0x00000002   Code   RO          445    .ARM.Collect$$rtexit$$00000000  c_p.l(rtexit.o)
    0x00000256   0x00000256   0x00000000   Code   RO          512    .ARM.Collect$$rtexit$$00000002  c_p.l(rtexit2.o)
    0x00000256   0x00000256   0x00000004   Code   RO          513    .ARM.Collect$$rtexit$$00000003  c_p.l(rtexit2.o)
    0x0000025a   0x0000025a   0x00000006   Code   RO          514    .ARM.Collect$$rtexit$$00000004  c_p.l(rtexit2.o)
    0x00000260   0x00000260   0x00000040   Code   RO            5    .text               startup_mkl25z4.o
    0x000002a0   0x000002a0   0x00000154   Code   RO           85    .text               systick.o
    0x000003f4   0x000003f4   0x00000006   Code   RO          229    .text               c_p.l(heapauxi.o)
    0x000003fa   0x000003fa   0x00000002   Code   RO          532    .text               c_p.l(use_no_semi.o)
    0x000003fc   0x000003fc   0x00000000   Code   RO          534    .text               c_p.l(indicate_semi.o)
    0x000003fc   0x000003fc   0x00000000   Code   RO          361    x$fpl$usenofp       fz_ps.l(usenofp.o)
    0x000003fc   0x000003fc   0x00000004   PAD
    0x00000400   0x00000400   0x00000010   Code   RO            4    .ARM.__at_0x400     startup_mkl25z4.o
    0x00000410   0x00000410   0x0000030c   Code   RO           13    .text               system_mkl25z4.o
    0x0000071c   0x0000071c   0x00000830   Code   RO           21    .text               main.o
    0x00000f4c   0x00000f4c   0x000001fc   Code   RO           37    .text               gpio.o
    0x00001148   0x00001148   0x00000380   Code   RO           44    .text               tpm.o
    0x000014c8   0x000014c8   0x00000544   Code   RO           60    .text               uart.o
    0x00001a0c   0x00001a0c   0x000003e4   Code   RO           77    .text               spi.o
    0x00001df0   0x00001df0   0x000010d4   Code   RO          101    .text               comandos.o
    0x00002ec4   0x00002ec4   0x00000238   Code   RO          115    .text               inicializacion.o
    0x000030fc   0x000030fc   0x00001554   Code   RO          122    .text               tft.o
    0x00004650   0x00004650   0x0000002c   Code   RO          140    .text               cny70.o
    0x0000467c   0x0000467c   0x000004cc   Code   RO          147    .text               nema17.o
    0x00004b48   0x00004b48   0x00000350   Code   RO          156    .text               teclado.o
    0x00004e98   0x00004e98   0x00000264   Code   RO          178    .text               triac.o
    0x000050fc   0x000050fc   0x00000308   Code   RO          190    .text               protocolo.o
    0x00005404   0x00005404   0x00001038   Code   RO          204    .text               bordado.o
    0x0000643c   0x0000643c   0x0000002c   Code   RO          219    .text               c_p.l(sprintf.o)
    0x00006468   0x00006468   0x00000044   Code   RO          221    .text               c_p.l(strlen.o)
    0x000064ac   0x000064ac   0x00000040   Code   RO          223    .text               c_p.l(rt_memclr.o)
    0x000064ec   0x000064ec   0x0000016c   Code   RO          225    .text               c_p.l(aeabi_sdiv.o)
    0x00006658   0x00006658   0x0000007c   Code   RO          233    .text               fz_ps.l(d2f.o)
    0x000066d4   0x000066d4   0x00000448   Code   RO          235    .text               fz_ps.l(ddiv.o)
    0x00006b1c   0x00006b1c   0x0000006c   Code   RO          238    .text               fz_ps.l(dfixi.o)
    0x00006b88   0x00006b88   0x00000058   Code   RO          240    .text               fz_ps.l(dflti.o)
    0x00006be0   0x00006be0   0x00000160   Code   RO          248    .text               fz_ps.l(fdiv.o)
    0x00006d40   0x00006d40   0x0000004c   Code   RO          251    .text               fz_ps.l(ffixi.o)
    0x00006d8c   0x00006d8c   0x0000005e   Code   RO          253    .text               fz_ps.l(fflti.o)
    0x00006dea   0x00006dea   0x0000004e   Code   RO          264    .text               c_p.l(_printf_pad.o)
    0x00006e38   0x00006e38   0x00000024   Code   RO          266    .text               c_p.l(_printf_truncate.o)
    0x00006e5c   0x00006e5c   0x00000052   Code   RO          268    .text               c_p.l(_printf_str.o)
    0x00006eae   0x00006eae   0x00000002   PAD
    0x00006eb0   0x00006eb0   0x0000006c   Code   RO          270    .text               c_p.l(_printf_dec.o)
    0x00006f1c   0x00006f1c   0x00000026   Code   RO          272    .text               c_p.l(_printf_charcount.o)
    0x00006f42   0x00006f42   0x00000002   PAD
    0x00006f44   0x00006f44   0x00000030   Code   RO          274    .text               c_p.l(_printf_char_common.o)
    0x00006f74   0x00006f74   0x0000000a   Code   RO          276    .text               c_p.l(_sputc.o)
    0x00006f7e   0x00006f7e   0x00000002   PAD
    0x00006f80   0x00006f80   0x000000bc   Code   RO          278    .text               c_p.l(_printf_wctomb.o)
    0x0000703c   0x0000703c   0x00000070   Code   RO          281    .text               c_p.l(_printf_longlong_dec.o)
    0x000070ac   0x000070ac   0x00000070   Code   RO          287    .text               c_p.l(_printf_oct_int_ll.o)
    0x0000711c   0x0000711c   0x00000098   Code   RO          307    .text               c_p.l(_printf_hex_int_ll_ptr.o)
    0x000071b4   0x000071b4   0x00000188   Code   RO          327    .text               c_p.l(__printf_flags_ss_wp.o)
    0x0000733c   0x0000733c   0x0000007a   Code   RO          379    .text               c_p.l(lludiv10.o)
    0x000073b6   0x000073b6   0x000000b0   Code   RO          381    .text               c_p.l(_printf_intcommon.o)
    0x00007466   0x00007466   0x00000002   PAD
    0x00007468   0x00007468   0x00000414   Code   RO          383    .text               c_p.l(_printf_fp_dec.o)
    0x0000787c   0x0000787c   0x000002d8   Code   RO          387    .text               c_p.l(_printf_fp_hex.o)
    0x00007b54   0x00007b54   0x0000002e   Code   RO          392    .text               c_p.l(_printf_char.o)
    0x00007b82   0x00007b82   0x0000002e   Code   RO          394    .text               c_p.l(_printf_wchar.o)
    0x00007bb0   0x00007bb0   0x00000042   Code   RO          397    .text               c_p.l(_c16rtomb.o)
    0x00007bf2   0x00007bf2   0x00000028   Code   RO          399    .text               c_p.l(rtudiv10.o)
    0x00007c1a   0x00007c1a   0x0000003e   Code   RO          401    .text               c_p.l(sys_stackheap_outer.o)
    0x00007c58   0x00007c58   0x00000010   Code   RO          404    .text               c_p.l(rt_ctype_table.o)
    0x00007c68   0x00007c68   0x00000008   Code   RO          409    .text               c_p.l(rt_locale_intlibspace.o)
    0x00007c70   0x00007c70   0x00000088   Code   RO          411    .text               c_p.l(_printf_fp_infnan.o)
    0x00007cf8   0x00007cf8   0x000000d8   Code   RO          413    .text               c_p.l(bigflt0.o)
    0x00007dd0   0x00007dd0   0x00000580   Code   RO          416    .text               c_p.l(btod.o)
    0x00008350   0x00008350   0x00000010   Code   RO          425    .text               c_p.l(exit.o)
    0x00008360   0x00008360   0x00000008   Code   RO          441    .text               c_p.l(libspace.o)
    0x00008368   0x00008368   0x00000088   Code   RO          458    .text               c_p.l(strcmp.o)
    0x000083f0   0x000083f0   0x0000000c   Code   RO          507    .text               c_p.l(sys_exit.o)
    0x000083fc   0x000083fc   0x00000030   Code   RO          418    i.__ARM_common_ll_muluu  c_p.l(btod.o)
    0x0000842c   0x0000842c   0x0000002c   Code   RO          439    i.__ARM_fpclassify  m_ps.l(fpclassify.o)
    0x00008458   0x00008458   0x0000000e   Code   RO          320    i._is_digit         c_p.l(__printf_wp.o)
    0x00008466   0x00008466   0x00000002   PAD
    0x00008468   0x00008468   0x0000002c   Code   RO          423    locale$$code        c_p.l(lc_numeric_c.o)
    0x00008494   0x00008494   0x0000002c   Code   RO          452    locale$$code        c_p.l(lc_ctype_c.o)
    0x000084c0   0x000084c0   0x0000008c   Code   RO          242    x$fpl$fadd          fz_ps.l(faddsub.o)
    0x0000854c   0x0000854c   0x000000b0   Code   RO          255    x$fpl$fmul          fz_ps.l(fmul.o)
    0x000085fc   0x000085fc   0x000000d0   Code   RO          244    x$fpl$fsub          fz_ps.l(faddsub.o)
    0x000086cc   0x000086cc   0x00000010   Code   RO          353    x$fpl$printf1       fz_ps.l(printf1.o)
    0x000086dc   0x000086dc   0x00000010   Code   RO          355    x$fpl$printf2       fz_ps.l(printf2.o)
    0x000086ec   0x000086ec   0x00000080   Data   RO          236    .constdata          fz_ps.l(ddiv.o)
    0x0000876c   0x0000876c   0x00000040   Data   RO          249    .constdata          fz_ps.l(fdiv.o)
    0x000087ac   0x000087ac   0x00000008   Data   RO          279    .constdata          c_p.l(_printf_wctomb.o)
    0x000087b4   0x000087b4   0x00000028   Data   RO          308    .constdata          c_p.l(_printf_hex_int_ll_ptr.o)
    0x000087dc   0x000087dc   0x00000011   Data   RO          328    .constdata          c_p.l(__printf_flags_ss_wp.o)
    0x000087ed   0x000087ed   0x00000026   Data   RO          388    .constdata          c_p.l(_printf_fp_hex.o)
    0x00008813   0x00008813   0x00000001   PAD
    0x00008814   0x00008814   0x00000094   Data   RO          414    .constdata          c_p.l(bigflt0.o)
    0x000088a8   0x000088a8   0x0000000c   Data   RO           70    .rodata..L__const.UART_RX_OverflowOFF.uart_ptr  uart.o
    0x000088b4   0x000088b4   0x0000000c   Data   RO           71    .rodata..L__const.UART_RX_OverflowON.uart_ptr  uart.o
    0x000088c0   0x000088c0   0x0000000c   Data   RO           68    .rodata..L__const.UART_init.uart_ptr  uart.o
    0x000088cc   0x000088cc   0x0000000c   Data   RO           69    .rodata..L__const.UART_initOverflow.uart_ptr  uart.o
    0x000088d8   0x000088d8   0x00000bb8   Data   RO          124    .rodata.letter      tft.o
    0x00009490   0x00009490   0x00000017   Data   RO           26    .rodata.str1.1      main.o
    0x000094a7   0x000094a7   0x0000001d   Data   RO          133    .rodata.str1.1      tft.o
    0x000094c4   0x000094c4   0x0000000c   Data   RO          198    .rodata.str1.1      protocolo.o
    0x000094d0   0x000094d0   0x00000044   Data   RO          208    .rodata.str1.1      bordado.o
    0x00009514   0x00009514   0x00000008   Data   RO           47    .rodata.tpm_prescaler  tpm.o
    0x0000951c   0x0000951c   0x00000020   Data   RO          587    Region$$Table       anon$$obj.o
    0x0000953c   0x0000953c   0x0000001c   Data   RO          422    locale$$data        c_p.l(lc_numeric_c.o)
    0x00009558   0x00009558   0x00000110   Data   RO          451    locale$$data        c_p.l(lc_ctype_c.o)


    Execution Region RW_IRAM1 (Exec base: 0x1ffff000, Load base: 0x00009668, Size: 0x00003630, Max: 0x00004000, ABSOLUTE)

    Exec Addr    Load Addr    Size         Type   Attr      Idx    E Section Name        Object

    0x1ffff000   0x00009668   0x00000002   Data   RW          129    .data.ILI9341_setAddrWindow.old_x1  tft.o
    0x1ffff002   0x0000966a   0x00000002   Data   RW          130    .data.ILI9341_setAddrWindow.old_x2  tft.o
    0x1ffff004   0x0000966c   0x00000002   Data   RW          131    .data.ILI9341_setAddrWindow.old_y1  tft.o
    0x1ffff006   0x0000966e   0x00000002   Data   RW          132    .data.ILI9341_setAddrWindow.old_y2  tft.o
    0x1ffff008   0x00009670   0x00000004   Data   RW           15    .data.SystemCoreClock  system_mkl25z4.o
    0x1ffff00c   0x00009674   0x00000002   Data   RW          104    .data.cmd           comandos.o
    0x1ffff00e   0x00009676   0x00000001   Data   RW          103    .data.motorBordadora  comandos.o
    0x1ffff00f   0x00009677   0x00000001   Data   RW           23    .data.movePrescaler  main.o
    0x1ffff010   0x00009678   0x00000004   Data   RW           50    .data.velocidadX    tpm.o
    0x1ffff014   0x0000967c   0x00000004   Data   RW           51    .data.velocidadY    tpm.o
    0x1ffff018        -       0x00000060   Zero   RW          442    .bss                c_p.l(libspace.o)
    0x1ffff078        -       0x00000001   Zero   RW          180    .bss.ME_Triac       triac.o
    0x1ffff079        -       0x00000001   Zero   RW          207    .bss.auxCheck       bordado.o
    0x1ffff07a        -       0x00000001   Zero   RW          106    .bss.auxColores     comandos.o
    0x1ffff07b   0x00009680   0x00000001   PAD
    0x1ffff07c        -       0x00000002   Zero   RW           65    .bss.auxRX          uart.o
    0x1ffff07e        -       0x00000001   Zero   RW           64    .bss.auxTX          uart.o
    0x1ffff07f   0x00009680   0x00000001   PAD
    0x1ffff080        -       0x00001f40   Zero   RW          127    .bss.bufferDisplay  tft.o
    0x20000fc0        -       0x00000004   Zero   RW          193    .bss.cant_JS        protocolo.o
    0x20000fc4        -       0x00000001   Zero   RW          192    .bss.cant_comandos  protocolo.o
    0x20000fc5   0x00009680   0x00000003   PAD
    0x20000fc8        -       0x00000050   Zero   RW          109    .bss.coloresImagen  comandos.o
    0x20001018        -       0x00000001   Zero   RW          195    .bss.comando_rx     protocolo.o
    0x20001019   0x00009680   0x00000001   PAD
    0x2000101a        -       0x00000002   Zero   RW          105    .bss.comandosMax    comandos.o
    0x2000101c        -       0x0000002d   Zero   RW          197    .bss.datos_rx       protocolo.o
    0x20001049   0x00009680   0x00000001   PAD
    0x2000104a        -       0x00000006   Zero   RW          126    .bss.display        tft.o
    0x20001050        -       0x00000001   Zero   RW          134    .bss.drawVerticalProgressBar.positionBar  tft.o
    0x20001051        -       0x00000001   Zero   RW          162    .bss.estadoAntTeclado  teclado.o
    0x20001052        -       0x00000001   Zero   RW           66    .bss.estadoRxTx     uart.o
    0x20001053        -       0x00000001   Zero   RW          158    .bss.estadoTeclado  teclado.o
    0x20001054        -       0x00000004   Zero   RW          194    .bss.estado_rx      protocolo.o
    0x20001058        -       0x00000004   Zero   RW           90    .bss.flag_t_CNY70   systick.o
    0x2000105c        -       0x00000004   Zero   RW          181    .bss.flanco_Triac   triac.o
    0x20001060        -       0x00000001   Zero   RW          183    .bss.habilitacion_Motor  triac.o
    0x20001061   0x00009680   0x00000003   PAD
    0x20001064        -       0x00000004   Zero   RW           92    .bss.habilitacion_Triac  systick.o
    0x20001068        -       0x00000004   Zero   RW          196    .bss.indice_rx      protocolo.o
    0x2000106c        -       0x00000006   Zero   RW          209    .bss.needle.positionAnt  bordado.o
    0x20001072        -       0x00000008   Zero   RW          149    .bss.position       nema17.o
    0x2000107a        -       0x00000002   Zero   RW           63    .bss.rLength        uart.o
    0x2000107c        -       0x00000001   Zero   RW          128    .bss.save           tft.o
    0x2000107d        -       0x00000001   Zero   RW          184    .bss.semiciclos     triac.o
    0x2000107e        -       0x00000008   Zero   RW          107    .bss.sizeimagen     comandos.o
    0x20001086        -       0x00000001   Zero   RW          206    .bss.start          bordado.o
    0x20001087        -       0x00000001   Zero   RW           54    .bss.subirStop      tpm.o
    0x20001088        -       0x00000001   Zero   RW          108    .bss.switchColorEmbroider.aux  comandos.o
    0x20001089   0x00009680   0x00000003   PAD
    0x2000108c        -       0x00000004   Zero   RW           89    .bss.t_CNY70        systick.o
    0x20001090        -       0x00000002   Zero   RW          159    .bss.teclado        teclado.o
    0x20001092        -       0x00000002   Zero   RW          160    .bss.teclado_ant    teclado.o
    0x20001094        -       0x00000002   Zero   RW          161    .bss.teclado_sr     teclado.o
    0x20001096        -       0x00000001   Zero   RW           87    .bss.tiempoColumna  systick.o
    0x20001097   0x00009680   0x00000001   PAD
    0x20001098        -       0x00000004   Zero   RW           52    .bss.tiempoEndMove  tpm.o
    0x2000109c        -       0x00000004   Zero   RW           88    .bss.tiempo_Ant     systick.o
    0x200010a0        -       0x00000004   Zero   RW           91    .bss.tiempo_Triac   systick.o
    0x200010a4        -       0x00000004   Zero   RW           93    .bss.tiempo_inercia_motor  systick.o
    0x200010a8        -       0x00000001   Zero   RW           94    .bss.tiempo_teclado  systick.o
    0x200010a9   0x00009680   0x00000003   PAD
    0x200010ac        -       0x00000004   Zero   RW          182    .bss.velocidad_Aguja  triac.o
    0x200010b0        -       0x00000002   Zero   RW           62    .bss.wLength        uart.o
    0x200010b2        -       0x00000578   Zero   RW           67    .bss.wUart          uart.o
    0x2000162a   0x00009680   0x00000002   PAD
    0x2000162c        -       0x00000004   Zero   RW           95    .bss.warningColor   systick.o
    0x20001630        -       0x00000000   Zero   RW            2    HEAP                startup_mkl25z4.o
    0x20001630        -       0x00001000   Zero   RW            1    STACK               startup_mkl25z4.o


==============================================================================

Image component sizes


      Code (inc. data)   RO Data    RW Data    ZI Data      Debug   Object Name

      4152        304         68          0          8       4474   bordado.o
        44          0          0          0          0        801   cny70.o
      4308        412          0          3         92       6047   comandos.o
       508         28          0          0          0       2956   gpio.o
       568         44          0          0          0       3412   inicializacion.o
      2096        152         23          1          0       2193   main.o
      1228         52          0          0          8       2935   nema17.o
       776        132         12          0         59       2080   protocolo.o
       996        104          0          0          0       3811   spi.o
        80         44        192          0       4096        860   startup_mkl25z4.o
       780         96          0          4          0       2622   system_mkl25z4.o
       340         52          0          0         30       1501   systick.o
       848         68          0          0          8       1407   teclado.o
      5460         88       3029          8       8008       9111   tft.o
       896        124          8          8          5       4670   tpm.o
       612        108          0          0         11       2115   triac.o
      1348        160         48          0       1408       5431   uart.o

    ----------------------------------------------------------------------
     25040       1968       3412         24      13752      56426   Object Totals
         0          0         32          0          0          0   (incl. Generated)
         0          0          0          0         19          0   (incl. Padding)

    ----------------------------------------------------------------------

      Code (inc. data)   RO Data    RW Data    ZI Data      Debug   Library Member Name

         8          0          0          0          0         68   __main.o
       392          6         17          0          0         76   __printf_flags_ss_wp.o
        14          0          0          0          0         60   __printf_wp.o
         0          0          0          0          0          0   __rtentry.o
        12          0          0          0          0          0   __rtentry2.o
         6          0          0          0          0          0   __rtentry4.o
        60          8          0          0          0          0   __scatter.o
        26          0          0          0          0          0   __scatter_copy.o
        28          0          0          0          0          0   __scatter_zi.o
        66          0          0          0          0         76   _c16rtomb.o
        10          0          0          0          0          0   _printf_a.o
        10          0          0          0          0          0   _printf_c.o
        46          0          0          0          0        100   _printf_char.o
        48          6          0          0          0         88   _printf_char_common.o
        38          0          0          0          0         60   _printf_charcount.o
        10          0          0          0          0          0   _printf_d.o
       108         18          0          0          0         76   _printf_dec.o
        10          0          0          0          0          0   _printf_e.o
        10          0          0          0          0          0   _printf_f.o
      1044         12          0          0          0        116   _printf_fp_dec.o
       728         10         38          0          0         84   _printf_fp_hex.o
       136         16          0          0          0         76   _printf_fp_infnan.o
        10          0          0          0          0          0   _printf_g.o
       152          4         40          0          0        148   _printf_hex_int_ll_ptr.o
        10          0          0          0          0          0   _printf_i.o
       176          0          0          0          0         84   _printf_intcommon.o
        10          0          0          0          0          0   _printf_l.o
        10          0          0          0          0          0   _printf_lc.o
        10          0          0          0          0          0   _printf_ll.o
        10          0          0          0          0          0   _printf_lld.o
        10          0          0          0          0          0   _printf_lli.o
        10          0          0          0          0          0   _printf_llo.o
        10          0          0          0          0          0   _printf_llu.o
        10          0          0          0          0          0   _printf_llx.o
       112         18          0          0          0         76   _printf_longlong_dec.o
        10          0          0          0          0          0   _printf_ls.o
        10          0          0          0          0          0   _printf_n.o
        10          0          0          0          0          0   _printf_o.o
       112         10          0          0          0        112   _printf_oct_int_ll.o
        10          0          0          0          0          0   _printf_p.o
        78          0          0          0          0        100   _printf_pad.o
         2          0          0          0          0          0   _printf_percent.o
         4          0          0          0          0          0   _printf_percent_end.o
        10          0          0          0          0          0   _printf_s.o
        82          0          0          0          0         72   _printf_str.o
        36          0          0          0          0         76   _printf_truncate.o
        10          0          0          0          0          0   _printf_u.o
        46          0          0          0          0        100   _printf_wchar.o
       188          6          8          0          0         80   _printf_wctomb.o
        10          0          0          0          0          0   _printf_x.o
        10          0          0          0          0         60   _sputc.o
       364          4          0          0          0         92   aeabi_sdiv.o
       216          6        148          0          0         80   bigflt0.o
      1456         30          0          0          0        336   btod.o
        16          0          0          0          0         68   exit.o
         6          0          0          0          0        136   heapauxi.o
         0          0          0          0          0          0   indicate_semi.o
        44         10        272          0          0         76   lc_ctype_c.o
        44         10         28          0          0         76   lc_numeric_c.o
         2          0          0          0          0          0   libinit.o
        30          0          0          0          0          0   libinit2.o
         2          0          0          0          0          0   libshutdown.o
         2          0          0          0          0          0   libshutdown2.o
         8          4          0          0         96         68   libspace.o
       122          0          0          0          0         72   lludiv10.o
        16          4          0          0          0         76   rt_ctype_table.o
         8          4          0          0          0         68   rt_locale_intlibspace.o
        64          0          0          0          0        108   rt_memclr.o
         2          0          0          0          0          0   rtexit.o
        10          0          0          0          0          0   rtexit2.o
        40          0          0          0          0         60   rtudiv10.o
        44          4          0          0          0         84   sprintf.o
       136          4          0          0          0         72   strcmp.o
        68          6          0          0          0         72   strlen.o
        12          4          0          0          0         60   sys_exit.o
        62          0          0          0          0         80   sys_stackheap_outer.o
         2          0          0          0          0         68   use_no_semi.o
       124          4          0          0          0         72   d2f.o
      1096         26        128          0          0        112   ddiv.o
       108         10          0          0          0         72   dfixi.o
        88          0          0          0          0         92   dflti.o
       348          8          0          0          0        160   faddsub.o
       352         10         64          0          0         92   fdiv.o
        76          0          0          0          0         68   ffixi.o
        94          0          0          0          0         92   fflti.o
       176          4          0          0          0         80   fmul.o
        16          4          0          0          0         76   printf1.o
        16          4          0          0          0         76   printf2.o
         0          0          0          0          0          0   usenofp.o
        44          4          0          0          0         60   fpclassify.o

    ----------------------------------------------------------------------
      9308        278        744          0         96       4592   Library Totals
        16          0          1          0          0          0   (incl. Padding)

    ----------------------------------------------------------------------

      Code (inc. data)   RO Data    RW Data    ZI Data      Debug   Library Name

      6754        204        551          0         96       3540   c_p.l
      2494         70        192          0          0        992   fz_ps.l
        44          4          0          0          0         60   m_ps.l

    ----------------------------------------------------------------------
      9308        278        744          0         96       4592   Library Totals

    ----------------------------------------------------------------------

==============================================================================


      Code (inc. data)   RO Data    RW Data    ZI Data      Debug   

     34348       2246       4156         24      13848      58478   Grand Totals
     34348       2246       4156         24      13848      58478   ELF Image Totals
     34348       2246       4156         24          0          0   ROM Totals

==============================================================================

    Total RO  Size (Code + RO Data)                38504 (  37.60kB)
    Total RW  Size (RW Data + ZI Data)             13872 (  13.55kB)
    Total ROM Size (Code + RO Data + RW Data)      38528 (  37.62kB)

==============================================================================

